// Jest Snapshot v1, https://goo.gl/fbAQLP

exports[`detects snapshot changes 1`] = `
<DocumentFragment>
  <div
    class="MuiPaper-root MuiCard-root makeStyles-root-5 MuiPaper-elevation1 MuiPaper-rounded"
  >
    <div
      class="MuiCardContent-root"
    >
      <h2
        class="MuiTypography-root MuiTypography-h5"
      >
        Complete New Profile Form:
      </h2>
      <div
        class="MuiTypography-root MuiTypography-body2"
      >
        <form>
          <div>
            <label
              for="username"
            >
              Username: 
            </label>
            <input
              name="username"
              value=""
            />
          </div>
          <div>
            <label
              for="password"
            >
              Password: 
            </label>
            <input
              name="password"
              type="password"
              value=""
            />
          </div>
          <div>
            <label
              for="name"
            >
              Name: 
            </label>
            <input
              name="name"
              value=""
            />
          </div>
          <label
            for="user_age"
          >
            Age: 
          </label>
          <input
            name="user_age"
            type="number"
            value=""
          />
          <div>
            <label
              for="is_parent"
            >
              Parent: 
            </label>
            <input
              id="is_parent"
              name="is_parent"
              type="checkbox"
            />
          </div>
          <div>
            <label>
              Gender: 
            </label>
            <input
              name="user_gender"
              type="radio"
              value="male"
            />
            <label
              class="radio"
              for="user_gender"
            >
              Male 
            </label>
            <input
              name="user_gender"
              type="radio"
              value="female"
            />
            <label
              class="radio"
              for="user_gender"
            >
              Female 
            </label>
            <input
              name="user_gender"
              type="radio"
              value="nonbinary"
            />
            <label
              class="radio"
              for="user_gender"
            >
              Non-Binary 
            </label>
          </div>
          <div>
            <label
              for="bio"
            >
              Bio: 
            </label>
            <textarea
              name="bio"
            />
          </div>
          <button
            class="MuiButtonBase-root MuiButton-root MuiButton-contained"
            tabindex="0"
            type="submit"
          >
            <span
              class="MuiButton-label"
            >
              Submit
            </span>
            <span
              class="MuiTouchRipple-root"
            />
          </button>
        </form>
      </div>
    </div>
  </div>
</DocumentFragment>
`;
